Creating task via Kie.ai API...
Task created successfully. Task ID: 982d148d344b22042bbd0acdef0e56ac. Polling...
Poll 1: state = waiting
Poll 2: state = waiting
Poll 3: state = waiting
Poll 4: state = waiting
Poll 5: state = waiting
Poll 6: state = waiting
Poll 7: state = waiting
Poll 8: state = waiting
Poll 9: state = waiting
Poll 10: state = waiting
Poll 11: state = waiting
Poll 12: state = waiting
Poll 13: state = waiting
Poll 14: state = waiting
Poll 15: state = waiting
Poll 16: state = waiting
Poll 17: state = waiting
Poll 18: state = success
Downloading image from https://tempfile.aiquickdraw.com/image-format-converter/1778509033303-kinjcgiqga.jpg
Successfully saved to /Users/altinramadani/Desktop/Gärtner_Altin&Jannis/images/unkraut.jpg
